Archive member included because of file (symbol)

c:/siliconlabs/simplicitystudio/v4/developer/toolchains/gnu_arm/4.8_2013q4/bin/../lib/gcc/arm-none-eabi/4.8.3/armv7-m\libgcc.a(_arm_addsubsf3.o)
                              ./Drivers/vddcheck.o (__aeabi_fsub)
c:/siliconlabs/simplicitystudio/v4/developer/toolchains/gnu_arm/4.8_2013q4/bin/../lib/gcc/arm-none-eabi/4.8.3/armv7-m\libgcc.a(_arm_muldivsf3.o)
                              ./src/DMASetup.o (__aeabi_fmul)
c:/siliconlabs/simplicitystudio/v4/developer/toolchains/gnu_arm/4.8_2013q4/bin/../lib/gcc/arm-none-eabi/4.8.3/armv7-m\libgcc.a(_arm_cmpsf2.o)
                              ./src/DMASetup.o (__aeabi_fcmplt)
c:/siliconlabs/simplicitystudio/v4/developer/toolchains/gnu_arm/4.8_2013q4/bin/../lib/gcc/arm-none-eabi/4.8.3/armv7-m\libgcc.a(_arm_fixsfsi.o)
                              ./src/DMASetup.o (__aeabi_f2iz)
c:/siliconlabs/simplicitystudio/v4/developer/toolchains/gnu_arm/4.8_2013q4/bin/../lib/gcc/arm-none-eabi/4.8.3/armv7-m\libgcc.a(_arm_fixunssfsi.o)
                              ./Drivers/vddcheck.o (__aeabi_f2uiz)
c:/siliconlabs/simplicitystudio/v4/developer/toolchains/gnu_arm/4.8_2013q4/bin/../lib/gcc/arm-none-eabi/4.8.3/armv7-m\libgcc.a(_aeabi_uldivmod.o)
                              ./Drivers/rtcdrtiver.o (__aeabi_uldivmod)
c:/siliconlabs/simplicitystudio/v4/developer/toolchains/gnu_arm/4.8_2013q4/bin/../lib/gcc/arm-none-eabi/4.8.3/armv7-m\libgcc.a(bpabi.o)
                              c:/siliconlabs/simplicitystudio/v4/developer/toolchains/gnu_arm/4.8_2013q4/bin/../lib/gcc/arm-none-eabi/4.8.3/armv7-m\libgcc.a(_aeabi_uldivmod.o) (__gnu_uldivmod_helper)
c:/siliconlabs/simplicitystudio/v4/developer/toolchains/gnu_arm/4.8_2013q4/bin/../lib/gcc/arm-none-eabi/4.8.3/armv7-m\libgcc.a(_dvmd_tls.o)
                              c:/siliconlabs/simplicitystudio/v4/developer/toolchains/gnu_arm/4.8_2013q4/bin/../lib/gcc/arm-none-eabi/4.8.3/armv7-m\libgcc.a(_aeabi_uldivmod.o) (__aeabi_ldiv0)
c:/siliconlabs/simplicitystudio/v4/developer/toolchains/gnu_arm/4.8_2013q4/bin/../lib/gcc/arm-none-eabi/4.8.3/armv7-m\libgcc.a(_divdi3.o)
                              c:/siliconlabs/simplicitystudio/v4/developer/toolchains/gnu_arm/4.8_2013q4/bin/../lib/gcc/arm-none-eabi/4.8.3/armv7-m\libgcc.a(bpabi.o) (__divdi3)
c:/siliconlabs/simplicitystudio/v4/developer/toolchains/gnu_arm/4.8_2013q4/bin/../lib/gcc/arm-none-eabi/4.8.3/armv7-m\libgcc.a(_udivdi3.o)
                              c:/siliconlabs/simplicitystudio/v4/developer/toolchains/gnu_arm/4.8_2013q4/bin/../lib/gcc/arm-none-eabi/4.8.3/armv7-m\libgcc.a(bpabi.o) (__udivdi3)
c:/siliconlabs/simplicitystudio/v4/developer/toolchains/gnu_arm/4.8_2013q4/bin/../lib/gcc/arm-none-eabi/4.8.3/../../../../arm-none-eabi/lib/armv7-m\libc_s.a(lib_a-abs.o)
                              ./Drivers/segmentlcd.o (abs)
c:/siliconlabs/simplicitystudio/v4/developer/toolchains/gnu_arm/4.8_2013q4/bin/../lib/gcc/arm-none-eabi/4.8.3/../../../../arm-none-eabi/lib/armv7-m\libc_s.a(lib_a-exit.o)
                              c:/siliconlabs/simplicitystudio/v4/developer/toolchains/gnu_arm/4.8_2013q4/bin/../lib/gcc/arm-none-eabi/4.8.3/../../../../arm-none-eabi/lib/armv7-m/crt0.o (exit)
c:/siliconlabs/simplicitystudio/v4/developer/toolchains/gnu_arm/4.8_2013q4/bin/../lib/gcc/arm-none-eabi/4.8.3/../../../../arm-none-eabi/lib/armv7-m\libc_s.a(lib_a-impure.o)
                              c:/siliconlabs/simplicitystudio/v4/developer/toolchains/gnu_arm/4.8_2013q4/bin/../lib/gcc/arm-none-eabi/4.8.3/../../../../arm-none-eabi/lib/armv7-m\libc_s.a(lib_a-exit.o) (_global_impure_ptr)
c:/siliconlabs/simplicitystudio/v4/developer/toolchains/gnu_arm/4.8_2013q4/bin/../lib/gcc/arm-none-eabi/4.8.3/../../../../arm-none-eabi/lib/armv7-m\libc_s.a(lib_a-init.o)
                              c:/siliconlabs/simplicitystudio/v4/developer/toolchains/gnu_arm/4.8_2013q4/bin/../lib/gcc/arm-none-eabi/4.8.3/../../../../arm-none-eabi/lib/armv7-m/crt0.o (__libc_init_array)
c:/siliconlabs/simplicitystudio/v4/developer/toolchains/gnu_arm/4.8_2013q4/bin/../lib/gcc/arm-none-eabi/4.8.3/../../../../arm-none-eabi/lib/armv7-m\libc_s.a(lib_a-memset.o)
                              c:/siliconlabs/simplicitystudio/v4/developer/toolchains/gnu_arm/4.8_2013q4/bin/../lib/gcc/arm-none-eabi/4.8.3/../../../../arm-none-eabi/lib/armv7-m/crt0.o (memset)
c:/siliconlabs/simplicitystudio/v4/developer/toolchains/gnu_arm/4.8_2013q4/bin/../lib/gcc/arm-none-eabi/4.8.3/../../../../arm-none-eabi/lib/armv7-m\libc_s.a(lib_a-snprintf.o)
                              ./src/LESENSE.o (snprintf)
c:/siliconlabs/simplicitystudio/v4/developer/toolchains/gnu_arm/4.8_2013q4/bin/../lib/gcc/arm-none-eabi/4.8.3/../../../../arm-none-eabi/lib/armv7-m\libc_s.a(lib_a-strlen.o)
                              ./Drivers/segmentlcd.o (strlen)
[...]
Memory Configuration

Name             Origin             Length             Attributes
FLASH            0x00000000         0x00040000         xr
RAM              0x20000000         0x00008000         xrw
*default*        0x00000000         0xffffffff

Linker script and memory map

LOAD c:/siliconlabs/simplicitystudio/v4/developer/toolchains/gnu_arm/4.8_2013q4/bin/../lib/gcc/arm-none-eabi/4.8.3/armv7-m/crti.o
LOAD c:/siliconlabs/simplicitystudio/v4/developer/toolchains/gnu_arm/4.8_2013q4/bin/../lib/gcc/arm-none-eabi/4.8.3/armv7-m/crtbegin.o
LOAD c:/siliconlabs/simplicitystudio/v4/developer/toolchains/gnu_arm/4.8_2013q4/bin/../lib/gcc/arm-none-eabi/4.8.3/../../../../arm-none-eabi/lib/armv7-m/crt0.o
LOAD ./BSP/bsp_trace.o
LOAD ./CMSIS/efm32lg/startup_gcc_efm32lg.o
LOAD ./CMSIS/efm32lg/system_efm32lg.o
LOAD ./Drivers/rtcdrtiver.o
LOAD ./Drivers/segmentlcd.o
LOAD ./Drivers/vddcheck.o
LOAD ./emlib/em_acmp.o
LOAD ./emlib/em_adc.o
LOAD ./emlib/em_aes.o
LOAD ./emlib/em_assert.o
LOAD ./emlib/em_burtc.o
LOAD ./emlib/em_cmu.o
LOAD ./emlib/em_cryotimer.o
LOAD ./emlib/em_crypto.o
LOAD ./emlib/em_dac.o
LOAD ./emlib/em_dbg.o
LOAD ./emlib/em_dma.o
LOAD ./emlib/em_ebi.o
LOAD ./emlib/em_emu.o
LOAD ./emlib/em_gpcrc.o
LOAD ./emlib/em_gpio.o
LOAD ./emlib/em_i2c.o
LOAD ./emlib/em_idac.o
LOAD ./emlib/em_int.o
LOAD ./emlib/em_lcd.o
LOAD ./emlib/em_ldma.o
LOAD ./emlib/em_lesense.o
LOAD ./emlib/em_letimer.o
LOAD ./emlib/em_leuart.o
LOAD ./emlib/em_mpu.o
LOAD ./emlib/em_msc.o
LOAD ./emlib/em_opamp.o
LOAD ./emlib/em_pcnt.o
LOAD ./emlib/em_prs.o
LOAD ./emlib/em_rmu.o
LOAD ./emlib/em_rtc.o
LOAD ./emlib/em_rtcc.o
LOAD ./emlib/em_system.o
LOAD ./emlib/em_timer.o
LOAD ./emlib/em_usart.o
LOAD ./emlib/em_vcmp.o
LOAD ./emlib/em_wdog.o
LOAD ./src/ADCSetup.o
LOAD ./src/CMU.o
LOAD ./src/DMASetup.o
LOAD ./src/InitDevice.o
LOAD ./src/LESENSE.o
LOAD ./src/MMA8452_i2c.o
LOAD ./src/PWM_rtc.o
LOAD ./src/gpio_setup.o
LOAD ./src/main.o
LOAD ./src/sleep.o
LOAD ./src/timer_setup.o
LOAD ./src/uart.o
START GROUP
LOAD c:/siliconlabs/simplicitystudio/v4/developer/toolchains/gnu_arm/4.8_2013q4/bin/../lib/gcc/arm-none-eabi/4.8.3/armv7-m\libgcc.a
LOAD c:/siliconlabs/simplicitystudio/v4/developer/toolchains/gnu_arm/4.8_2013q4/bin/../lib/gcc/arm-none-eabi/4.8.3/../../../../arm-none-eabi/lib/armv7-m\libc_s.a
LOAD c:/siliconlabs/simplicitystudio/v4/developer/toolchains/gnu_arm/4.8_2013q4/bin/../lib/gcc/arm-none-eabi/4.8.3/../../../../arm-none-eabi/lib/armv7-m\libnosys.a
END GROUP
START GROUP
LOAD c:/siliconlabs/simplicitystudio/v4/developer/toolchains/gnu_arm/4.8_2013q4/bin/../lib/gcc/arm-none-eabi/4.8.3/armv7-m\libgcc.a
LOAD c:/siliconlabs/simplicitystudio/v4/developer/toolchains/gnu_arm/4.8_2013q4/bin/../lib/gcc/arm-none-eabi/4.8.3/../../../../arm-none-eabi/lib/armv7-m\libg_s.a
LOAD c:/siliconlabs/simplicitystudio/v4/developer/toolchains/gnu_arm/4.8_2013q4/bin/../lib/gcc/arm-none-eabi/4.8.3/../../../../arm-none-eabi/lib/armv7-m\libc_s.a
END GROUP
START GROUP
LOAD c:/siliconlabs/simplicitystudio/v4/developer/toolchains/gnu_arm/4.8_2013q4/bin/../lib/gcc/arm-none-eabi/4.8.3/armv7-m\libgcc.a
LOAD c:/siliconlabs/simplicitystudio/v4/developer/toolchains/gnu_arm/4.8_2013q4/bin/../lib/gcc/arm-none-eabi/4.8.3/../../../../arm-none-eabi/lib/armv7-m\libc_s.a
END GROUP
LOAD c:/siliconlabs/simplicitystudio/v4/developer/toolchains/gnu_arm/4.8_2013q4/bin/../lib/gcc/arm-none-eabi/4.8.3/armv7-m/crtend.o
LOAD c:/siliconlabs/simplicitystudio/v4/developer/toolchains/gnu_arm/4.8_2013q4/bin/../lib/gcc/arm-none-eabi/4.8.3/armv7-m/crtn.o

.text           0x00000000     0x680c
 *(.vectors)
 .vectors       0x00000000       0xe0 ./CMSIS/efm32lg/startup_gcc_efm32lg.o
                0x00000000                __Vectors
                0x000000e0                __Vectors_End = .
                0x000000e0                __Vectors_Size = (__Vectors_End - __Vectors)
                0x000000e0                __end__ = .
 *(.text*)
 .text          0x000000e0       0x54 c:/siliconlabs/simplicitystudio/v4/developer/toolchains/gnu_arm/4.8_2013q4/bin/../lib/gcc/arm-none-eabi/4.8.3/armv7-m/crtbegin.o
 .text          0x00000134       0x74 c:/siliconlabs/simplicitystudio/v4/developer/toolchains/gnu_arm/4.8_2013q4/bin/../lib/gcc/arm-none-eabi/4.8.3/../../../../arm-none-eabi/lib/armv7-m/crt0.o
                0x00000134                _start
                0x00000134                _mainCRTStartup
 .text          0x000001a8       0x30 ./CMSIS/efm32lg/startup_gcc_efm32lg.o
                0x000001a8                Reset_Handler
                0x000001d4                DebugMon_Handler
                0x000001d4                USART0_TX_IRQHandler
                0x000001d4                I2C0_IRQHandler
                0x000001d4                HardFault_Handler
                0x000001d4                LEUART1_IRQHandler
                0x000001d4                SysTick_Handler
                0x000001d4                USART1_RX_IRQHandler
                0x000001d4                PendSV_Handler
                0x000001d4                NMI_Handler
                0x000001d4                I2C1_IRQHandler
                0x000001d4                TIMER3_IRQHandler
                0x000001d4                USART1_TX_IRQHandler
                0x000001d4                MSC_IRQHandler
                0x000001d4                UsageFault_Handler
                0x000001d4                GPIO_EVEN_IRQHandler
                0x000001d4                UART0_TX_IRQHandler
                0x000001d4                UART1_TX_IRQHandler
                0x000001d4                TIMER0_IRQHandler
                0x000001d4                TIMER2_IRQHandler
                0x000001d4                LCD_IRQHandler
                0x000001d4                PCNT2_IRQHandler
                0x000001d4                UART0_RX_IRQHandler
                0x000001d4                LETIMER0_IRQHandler
                0x000001d4                TIMER1_IRQHandler
                0x000001d4                USART2_RX_IRQHandler
                0x000001d4                Default_Handler
                0x000001d4                EMU_IRQHandler
                0x000001d4                PCNT0_IRQHandler
                0x000001d4                USB_IRQHandler
                0x000001d4                BURTC_IRQHandler
                0x000001d4                PCNT1_IRQHandler
                0x000001d4                ACMP0_IRQHandler
                0x000001d4                USART0_RX_IRQHandler
                0x000001d4                MemManage_Handler
                0x000001d4                SVC_Handler
                0x000001d4                DAC0_IRQHandler
                0x000001d4                UART1_RX_IRQHandler
                0x000001d4                CMU_IRQHandler
                0x000001d4                EBI_IRQHandler
                0x000001d4                AES_IRQHandler
                0x000001d4                VCMP_IRQHandler
                0x000001d4                BusFault_Handler
                0x000001d4                USART2_TX_IRQHandler
 .text.GetProdRev
                0x000001d8       0x1c ./CMSIS/efm32lg/system_efm32lg.o
 .text.SystemCoreClockGet
                0x000001f4       0x34 ./CMSIS/efm32lg/system_efm32lg.o
                0x000001f4                SystemCoreClockGet
 .text.SystemMaxCoreClockGet
                0x00000228       0x14 ./CMSIS/efm32lg/system_efm32lg.o
                0x00000228                SystemMaxCoreClockGet
 .text.SystemHFClockGet
                0x0000023c      0x100 ./CMSIS/efm32lg/system_efm32lg.o
                0x0000023c                SystemHFClockGet
 .text.SystemHFXOClockGet
                0x0000033c       0x18 ./CMSIS/efm32lg/system_efm32lg.o
                0x0000033c                SystemHFXOClockGet
 .text.SystemInit
                0x00000354        0xc ./CMSIS/efm32lg/system_efm32lg.o
                0x00000354                SystemInit
 .text.SystemLFRCOClockGet
                0x00000360       0x14 ./CMSIS/efm32lg/system_efm32lg.o
                0x00000360                SystemLFRCOClockGet
 .text.SystemULFRCOClockGet
                0x00000374       0x14 ./CMSIS/efm32lg/system_efm32lg.o
                0x00000374                SystemULFRCOClockGet
 .text.SystemLFXOClockGet
                0x00000388       0x18 ./CMSIS/efm32lg/system_efm32lg.o
                0x00000388                SystemLFXOClockGet
 .text.BUS_RegBitWrite
                0x000003a0       0x2c ./emlib/em_acmp.o
 .text.BUS_RegMaskedWrite
                0x000003cc       0x28 ./emlib/em_acmp.o
 .text.ACMP_CapsenseInit
                0x000003f4       0x8c ./emlib/em_acmp.o
                0x000003f4                ACMP_CapsenseInit
 .text.ACMP_GPIOSetup
                0x00000480       0x4c ./emlib/em_acmp.o
                0x00000480                ACMP_GPIOSetup
 .text.ACMP_ChannelSet
                0x000004cc       0x4c ./emlib/em_acmp.o
                0x000004cc                ACMP_ChannelSet
 .text.ACMP_Init
                0x00000518       0xa0 ./emlib/em_acmp.o
                0x00000518                ACMP_Init
 .text.BUS_RegBitWrite
                0x000005b8       0x2c ./emlib/em_cmu.o
 .text.BUS_RegBitRead
                0x000005e4       0x2c ./emlib/em_cmu.o
 .text.CMU_DivToLog2
                0x00000610       0x34 ./emlib/em_cmu.o
 .text.SYSTEM_GetProdRev
                0x00000644       0x1c ./emlib/em_cmu.o
 .text.SYSTEM_GetFamily
                0x00000660       0x20 ./emlib/em_cmu.o
 .text.maxFreqHfle
                0x00000680       0x78 ./emlib/em_cmu.o
 .text.setHfLeConfig
                0x000006f8       0x3c ./emlib/em_cmu.o
 .text.getHfLeConfig
                0x00000734       0x2c ./emlib/em_cmu.o
 .text.auxClkGet
                0x00000760       0xb0 ./emlib/em_cmu.o
 .text.dbgClkGet
                0x00000810       0x40 ./emlib/em_cmu.o
 .text.flashWaitStateControl
                0x00000850       0xb8 ./emlib/em_cmu.o
 .text.flashWaitStateMax
                0x00000908       0x14 ./emlib/em_cmu.o
 .text.lfClkGet
                0x0000091c       0xec ./emlib/em_cmu.o
 .text.syncReg  0x00000a08       0x34 ./emlib/em_cmu.o
 .text.usbCClkGet
                0x00000a3c       0x4c ./emlib/em_cmu.o
 .text.CMU_ClockDivSet
                0x00000a88      0x230 ./emlib/em_cmu.o
                0x00000a88                CMU_ClockDivSet
 .text.CMU_ClockEnable
                0x00000cb8       0xd8 ./emlib/em_cmu.o
                0x00000cb8                CMU_ClockEnable
 .text.CMU_ClockFreqGet
                0x00000d90      0x1d8 ./emlib/em_cmu.o
                0x00000d90                CMU_ClockFreqGet
 .text.CMU_ClockSelectGet
                0x00000f68      0x15c ./emlib/em_cmu.o
                0x00000f68                CMU_ClockSelectGet
 .text.CMU_ClockSelectSet
                0x000010c4      0x2b8 ./emlib/em_cmu.o
                0x000010c4                CMU_ClockSelectSet
 .text.CMU_OscillatorEnable
                0x0000137c       0xc0 ./emlib/em_cmu.o
                0x0000137c                CMU_OscillatorEnable
 .text.DMA_IRQHandler
                0x0000143c       0xd8 ./emlib/em_dma.o
                0x0000143c                DMA_IRQHandler
 .text.SystemCoreClockUpdate
                0x00001514        0xc ./emlib/em_emu.o
 .text.CMU_Lock
                0x00001520       0x18 ./emlib/em_emu.o
 .text.CMU_Unlock
                0x00001538       0x1c ./emlib/em_emu.o
 .text.emuRestore
                0x00001554       0xf0 ./emlib/em_emu.o
 .text.getErrataFixEmuE107En
                0x00001644       0x68 ./emlib/em_emu.o
 .text.EMU_EnterEM2
                0x000016ac       0x9c ./emlib/em_emu.o
                0x000016ac                EMU_EnterEM2
 .text.EMU_EnterEM3
                0x00001748       0xbc ./emlib/em_emu.o
                0x00001748                EMU_EnterEM3
 .text.EMU_UpdateOscConfig
                0x00001804       0x1c ./emlib/em_emu.o
                0x00001804                EMU_UpdateOscConfig
 .text.BUS_RegBitWrite
                0x00001820       0x2c ./emlib/em_gpio.o
 .text.BUS_RegMaskedWrite
                0x0000184c       0x28 ./emlib/em_gpio.o
 .text.GPIO_PinOutClear
                0x00001874       0x58 ./emlib/em_gpio.o
 .text.GPIO_PinOutSet
                0x000018cc       0x58 ./emlib/em_gpio.o
 .text.GPIO_DriveModeSet
                0x00001924       0x70 ./emlib/em_gpio.o
                0x00001924                GPIO_DriveModeSet
 .text.GPIO_ExtIntConfig
                0x00001994       0xcc ./emlib/em_gpio.o
                0x00001994                GPIO_ExtIntConfig
 .text.GPIO_PinModeSet
                0x00001a60      0x110 ./emlib/em_gpio.o
                0x00001a60                GPIO_PinModeSet
 .text.BUS_RegBitWrite
                0x00001b70       0x2c ./emlib/em_i2c.o
 .text.BUS_RegMaskedWrite
                0x00001b9c       0x28 ./emlib/em_i2c.o
 .text.I2C_BusFreqSet
                0x00001bc4       0xfc ./emlib/em_i2c.o
                0x00001bc4                I2C_BusFreqSet
 .text.I2C_Init
                0x00001cc0       0x78 ./emlib/em_i2c.o
                0x00001cc0                I2C_Init
 .text.BUS_RegBitWrite
                0x00001d38       0x2c ./emlib/em_lesense.o
 .text.LESENSE_Init
                0x00001d64      0x168 ./emlib/em_lesense.o
                0x00001d64                LESENSE_Init
 .text.LESENSE_ScanFreqSet
                0x00001ecc       0xbc ./emlib/em_lesense.o
                0x00001ecc                LESENSE_ScanFreqSet
 .text.LESENSE_ScanModeSet
                0x00001f88       0x3c ./emlib/em_lesense.o
                0x00001f88                LESENSE_ScanModeSet
 .text.LESENSE_StartDelaySet
                0x00001fc4       0x34 ./emlib/em_lesense.o
                0x00001fc4                LESENSE_StartDelaySet
 .text.LESENSE_ClkDivSet
                0x00001ff8       0x60 ./emlib/em_lesense.o
                0x00001ff8                LESENSE_ClkDivSet
 .text.LESENSE_ChannelConfig
                0x00002058      0x168 ./emlib/em_lesense.o
                0x00002058                LESENSE_ChannelConfig
 .text.LESENSE_AltExConfig
                0x000021c0       0xf0 ./emlib/em_lesense.o
                0x000021c0                LESENSE_AltExConfig
 .text.LESENSE_ChannelTimingSet
                0x000022b0       0x38 ./emlib/em_lesense.o
                0x000022b0                LESENSE_ChannelTimingSet
 .text.LESENSE_ChannelThresSet
                0x000022e8       0x78 ./emlib/em_lesense.o
                0x000022e8                LESENSE_ChannelThresSet
 .text.LESENSE_DecoderStateSet
                0x00002360       0x20 ./emlib/em_lesense.o
                0x00002360                LESENSE_DecoderStateSet
 .text.LESENSE_ScanStart
                0x00002380       0x34 ./emlib/em_lesense.o
                0x00002380                LESENSE_ScanStart
 .text.LESENSE_ScanStop
                0x000023b4       0x34 ./emlib/em_lesense.o
                0x000023b4                LESENSE_ScanStop
 .text.LESENSE_ResultBufferClear
                0x000023e8       0x34 ./emlib/em_lesense.o
                0x000023e8                LESENSE_ResultBufferClear
 .text.LESENSE_Reset
                0x0000241c       0xec ./emlib/em_lesense.o
                0x0000241c                LESENSE_Reset
 .text.LETIMER_CompareSet
                0x00002508       0x58 ./emlib/em_letimer.o
                0x00002508                LETIMER_CompareSet
 .text.LETIMER_Init
                0x00002560       0xec ./emlib/em_letimer.o
                0x00002560                LETIMER_Init
 .text.LETIMER_RepeatSet
                0x0000264c       0x58 ./emlib/em_letimer.o
                0x0000264c                LETIMER_RepeatSet
 .text.LEUART_Sync
                0x000026a4       0x30 ./emlib/em_leuart.o
 .text.LEUART_BaudrateSet
                0x000026d4       0x80 ./emlib/em_leuart.o
                0x000026d4                LEUART_BaudrateSet
 .text.LEUART_FreezeEnable
                0x00002754       0x34 ./emlib/em_leuart.o
                0x00002754                LEUART_FreezeEnable
 .text.LEUART_Init
                0x00002788       0x84 ./emlib/em_leuart.o
                0x00002788                LEUART_Init
 .text.LEUART_Reset
                0x0000280c       0x70 ./emlib/em_leuart.o
                0x0000280c                LEUART_Reset
 .text.LEUART_Tx
                0x0000287c       0x30 ./emlib/em_leuart.o
                0x0000287c                LEUART_Tx
 .text.BUS_RegBitWrite
                0x000028ac       0x2c ./emlib/em_rtc.o
 .text.RTC_CompareSet
                0x000028d8       0x4c ./emlib/em_rtc.o
                0x000028d8                RTC_CompareSet
 .text.RTC_Enable
                0x00002924       0x20 ./emlib/em_rtc.o
                0x00002924                RTC_Enable
 .text.RTC_Init
                0x00002944       0x50 ./emlib/em_rtc.o
                0x00002944                RTC_Init
 .text.SYSTEM_ChipRevisionGet
                0x00002994       0x74 ./emlib/em_system.o
                0x00002994                SYSTEM_ChipRevisionGet
 .text.INT_Disable
                0x00002a08       0x2c ./src/ADCSetup.o
 .text.INT_Enable
                0x00002a34       0x3c ./src/ADCSetup.o
 .text.ADC_IntClear
                0x00002a70       0x1c ./src/ADCSetup.o
 .text.ADC_IntDisable
                0x00002a8c       0x24 ./src/ADCSetup.o
 .text.ADC0_IRQHandler
                0x00002ab0       0x68 ./src/ADCSetup.o
                0x00002ab0                ADC0_IRQHandler
 .text.SystemCoreClockUpdate
                0x00002b18        0xc ./src/CMU.o
 .text.CMU_setup
                0x00002b24       0xe0 ./src/CMU.o
                0x00002b24                CMU_setup
 .text.convertToCelsius
                0x00002c04       0x6c ./src/DMASetup.o
                0x00002c04                convertToCelsius
 .text.NVIC_EnableIRQ
                0x00002c70       0x30 ./src/LESENSE.o
 .text.GPIO_PinOutClear
                0x00002ca0       0x58 ./src/LESENSE.o
 .text.GPIO_PinOutSet
                0x00002cf8       0x58 ./src/LESENSE.o
 .text.INT_Disable
                0x00002d50       0x2c ./src/LESENSE.o
 .text.INT_Enable
                0x00002d7c       0x3c ./src/LESENSE.o
 .text.RTC_IntClear
                0x00002db8       0x1c ./src/LESENSE.o
 .text.RTC_IntEnable
                0x00002dd4       0x24 ./src/LESENSE.o
 .text.RTC_IntGet
                0x00002df8       0x18 ./src/LESENSE.o
 .text.LESENSE_StatusGet
                0x00002e10       0x18 ./src/LESENSE.o
 .text.LESENSE_ScanResultDataGet
                0x00002e28       0x18 ./src/LESENSE.o
 .text.LESENSE_ScanResultDataBufferGet
                0x00002e40       0x28 ./src/LESENSE.o
 .text.LESENSE_IntClear
                0x00002e68       0x1c ./src/LESENSE.o
 .text.LESENSE_IntEnable
                0x00002e84       0x24 ./src/LESENSE.o
 .text.LESENSE_IntDisable
                0x00002ea8       0x24 ./src/LESENSE.o
 .text.LESENSE_IntGetEnabled
                0x00002ecc       0x24 ./src/LESENSE.o
 .text.CAPSEN_SETUP
                0x00002ef0      0x174 ./src/LESENSE.o
                0x00002ef0                CAPSEN_SETUP
 .text.LESENSE_setup
                0x00003064       0x28 ./src/LESENSE.o
                0x00003064                LESENSE_setup
 .text.setupRTC
                0x0000308c       0x40 ./src/LESENSE.o
                0x0000308c                setupRTC
 .text.LIGHTFSRSENSE
                0x000030cc       0x70 ./src/LESENSE.o
                0x000030cc                LIGHTFSRSENSE
 .text.CAPLESENSE_setupACMP
                0x0000313c       0x48 ./src/LESENSE.o
                0x0000313c                CAPLESENSE_setupACMP
 .text.LESENSE_IRQHandler
                0x00003184      0x3f0 ./src/LESENSE.o
                0x00003184                LESENSE_IRQHandler
 .text.RTC_IRQHandler
                0x00003574      0x118 ./src/LESENSE.o
                0x00003574                RTC_IRQHandler
 .text.GPIO_IntClear
                0x0000368c       0x20 ./src/MMA8452_i2c.o
 .text.GPIO_IntConfig
                0x000036ac       0x2c ./src/MMA8452_i2c.o
 .text.INT_Disable
                0x000036d8       0x2c ./src/MMA8452_i2c.o
 .text.INT_Enable
                0x00003704       0x3c ./src/MMA8452_i2c.o
 .text.load_poweron
                0x00003740       0x70 ./src/MMA8452_i2c.o
                0x00003740                load_poweron
 .text.i2c_magnetometer_write
                0x000037b0       0x2c ./src/MMA8452_i2c.o
                0x000037b0                i2c_magnetometer_write
 .text.i2c_accel_write
                0x000037dc       0x2c ./src/MMA8452_i2c.o
                0x000037dc                i2c_accel_write
 .text.i2c_wr_to_accel_reg
                0x00003808       0x5c ./src/MMA8452_i2c.o
                0x00003808                i2c_wr_to_accel_reg
 .text.i2c_wr_to_magnetometer_reg
                0x00003864       0x5c ./src/MMA8452_i2c.o
                0x00003864                i2c_wr_to_magnetometer_reg
 .text.i2c_rd_from_ACCEL_reg
                0x000038c0       0x8c ./src/MMA8452_i2c.o
                0x000038c0                i2c_rd_from_ACCEL_reg
 .text.i2c_rd_from_MAGNETOMETER_reg
                0x0000394c       0x8c ./src/MMA8452_i2c.o
                0x0000394c                i2c_rd_from_MAGNETOMETER_reg
 .text.i2c_reset
                0x000039d8       0x64 ./src/MMA8452_i2c.o
                0x000039d8                i2c_reset
 .text.i2c_setup
                0x00003a3c       0xdc ./src/MMA8452_i2c.o
                0x00003a3c                i2c_setup
 .text.GPIO_ODD_IRQHandler
                0x00003b18      0xea8 ./src/MMA8452_i2c.o
                0x00003b18                GPIO_ODD_IRQHandler
 .text.NVIC_EnableIRQ
                0x000049c0       0x30 ./src/gpio_setup.o
 .text.gpio_setup
                0x000049f0       0xc4 ./src/gpio_setup.o
                0x000049f0                gpio_setup
 .text.CHIP_Init
                0x00004ab4       0x40 ./src/main.o
 .text.main     0x00004af4       0x2c ./src/main.o
                0x00004af4                main
 .text.INT_Disable
                0x00004b20       0x2c ./src/sleep.o
 .text.INT_Enable
                0x00004b4c       0x3c ./src/sleep.o
 .text.EMU_EnterEM1
                0x00004b88       0x20 ./src/sleep.o
 .text.BlockSleep
                0x00004ba8       0x2c ./src/sleep.o
                0x00004ba8                BlockSleep
 .text.sleep    0x00004bd4       0x40 ./src/sleep.o
                0x00004bd4                sleep
 .text.timer_setup
                0x00004c14       0xb8 ./src/timer_setup.o
                0x00004c14                timer_setup
 .text.NVIC_EnableIRQ
                0x00004ccc       0x30 ./src/uart.o
 .text.INT_Disable
                0x00004cfc       0x2c ./src/uart.o
 .text.INT_Enable
                0x00004d28       0x3c ./src/uart.o
 .text.uart0_init
                0x00004d64       0x70 ./src/uart.o
                0x00004d64                uart0_init
 .text.LEUART0_IRQHandler
                0x00004dd4       0x84 ./src/uart.o
                0x00004dd4                LEUART0_IRQHandler
 .text          0x00004e58      0x21c c:/siliconlabs/simplicitystudio/v4/developer/toolchains/gnu_arm/4.8_2013q4/bin/../lib/gcc/arm-none-eabi/4.8.3/armv7-m\libgcc.a(_arm_addsubsf3.o)
                0x00004e58                __aeabi_frsub
                0x00004e60                __subsf3
                0x00004e60                __aeabi_fsub
                0x00004e64                __aeabi_fadd
                0x00004e64                __addsf3
                0x00004fc4                __aeabi_ui2f
                0x00004fc4                __floatunsisf
                0x00004fcc                __aeabi_i2f
                0x00004fcc                __floatsisf
                0x00004fe8                __aeabi_ul2f
                0x00004fe8                __floatundisf
                0x00004ff8                __aeabi_l2f
                0x00004ff8                __floatdisf
 .text          0x00005074      0x2a0 c:/siliconlabs/simplicitystudio/v4/developer/toolchains/gnu_arm/4.8_2013q4/bin/../lib/gcc/arm-none-eabi/4.8.3/armv7-m\libgcc.a(_arm_muldivsf3.o)
                0x00005074                __mulsf3
                0x00005074                __aeabi_fmul
                0x000051dc                __aeabi_fdiv
                0x000051dc                __divsf3
 .text          0x00005314       0xec c:/siliconlabs/simplicitystudio/v4/developer/toolchains/gnu_arm/4.8_2013q4/bin/../lib/gcc/arm-none-eabi/4.8.3/armv7-m\libgcc.a(_arm_cmpsf2.o)
                0x00005314                __gesf2
                0x00005314                __gtsf2
                0x0000531c                __lesf2
                0x0000531c                __ltsf2
                0x00005324                __nesf2
                0x00005324                __eqsf2
                0x00005324                __cmpsf2
                0x00005384                __aeabi_cfrcmple
                0x0000538c                __aeabi_cfcmpeq
                0x0000538c                __aeabi_cfcmple
                0x0000539c                __aeabi_fcmpeq
                0x000053b0                __aeabi_fcmplt
                0x000053c4                __aeabi_fcmple
                0x000053d8                __aeabi_fcmpge
                0x000053ec                __aeabi_fcmpgt
 .text          0x00005400       0x4c c:/siliconlabs/simplicitystudio/v4/developer/toolchains/gnu_arm/4.8_2013q4/bin/../lib/gcc/arm-none-eabi/4.8.3/armv7-m\libgcc.a(_arm_fixsfsi.o)
                0x00005400                __aeabi_f2iz
                0x00005400                __fixsfsi
 .text          0x0000544c       0x40 c:/siliconlabs/simplicitystudio/v4/developer/toolchains/gnu_arm/4.8_2013q4/bin/../lib/gcc/arm-none-eabi/4.8.3/armv7-m\libgcc.a(_arm_fixunssfsi.o)
                0x0000544c                __fixunssfsi
                0x0000544c                __aeabi_f2uiz
 .text.exit     0x0000548c       0x28 c:/siliconlabs/simplicitystudio/v4/developer/toolchains/gnu_arm/4.8_2013q4/bin/../lib/gcc/arm-none-eabi/4.8.3/../../../../arm-none-eabi/lib/armv7-m\libc_s.a(lib_a-exit.o)
                0x0000548c                exit
 .text.__libc_init_array
                0x000054b4       0x4c c:/siliconlabs/simplicitystudio/v4/developer/toolchains/gnu_arm/4.8_2013q4/bin/../lib/gcc/arm-none-eabi/4.8.3/../../../../arm-none-eabi/lib/armv7-m\libc_s.a(lib_a-init.o)
                0x000054b4                __libc_init_array
 .text.memset   0x00005500       0x10 c:/siliconlabs/simplicitystudio/v4/developer/toolchains/gnu_arm/4.8_2013q4/bin/../lib/gcc/arm-none-eabi/4.8.3/../../../../arm-none-eabi/lib/armv7-m\libc_s.a(lib_a-memset.o)
                0x00005500                memset
 .text._exit    0x00005510        0x4 c:/siliconlabs/simplicitystudio/v4/developer/toolchains/gnu_arm/4.8_2013q4/bin/../lib/gcc/arm-none-eabi/4.8.3/../../../../arm-none-eabi/lib/armv7-m\libnosys.a(_exit.o)
                0x00005510                _exit
 *(.init)
 .init          0x00005514        0x4 c:/siliconlabs/simplicitystudio/v4/developer/toolchains/gnu_arm/4.8_2013q4/bin/../lib/gcc/arm-none-eabi/4.8.3/armv7-m/crti.o
                0x00005514                _init
 .init          0x00005518        0x8 c:/siliconlabs/simplicitystudio/v4/developer/toolchains/gnu_arm/4.8_2013q4/bin/../lib/gcc/arm-none-eabi/4.8.3/armv7-m/crtn.o
 *(.fini)
 .fini          0x00005520        0x4 c:/siliconlabs/simplicitystudio/v4/developer/toolchains/gnu_arm/4.8_2013q4/bin/../lib/gcc/arm-none-eabi/4.8.3/armv7-m/crti.o
                0x00005520                _fini
 .fini          0x00005524        0x8 c:/siliconlabs/simplicitystudio/v4/developer/toolchains/gnu_arm/4.8_2013q4/bin/../lib/gcc/arm-none-eabi/4.8.3/armv7-m/crtn.o
 *crtbegin.o(.ctors)
 *crtbegin?.o(.ctors)
 *(EXCLUDE_FILE(*crtend.o *crtend?.o) .ctors)
 *(SORT(.ctors.*))
 *(.ctors)
 *crtbegin.o(.dtors)
 *crtbegin?.o(.dtors)
 *(EXCLUDE_FILE(*crtend.o *crtend?.o) .dtors)
 *(SORT(.dtors.*))
 *(.dtors)
 *(.rodata*)
 .rodata.i2cNSum
                0x0000552c        0x4 ./emlib/em_i2c.o
 .rodata.channelsInUse
                0x00005530       0x10 ./src/LESENSE.o
 .rodata.initAltEx
                0x00005540       0x34 ./src/LESENSE.o
 .rodata.initChsSleep.7838
                0x00005574      0x200 ./src/LESENSE.o
 .rodata.initChsSense.7834
                0x00005774      0x200 ./src/LESENSE.o
 .rodata.initRTC.7976
                0x00005974        0x4 ./src/LESENSE.o
 .rodata.initLESENSE.7981
                0x00005978       0x40 ./src/LESENSE.o
 .rodata.initChs.7980
                0x000059b8      0x200 ./src/LESENSE.o
 .rodata.initACMP.7986
                0x00005bb8       0x18 ./src/LESENSE.o
 .rodata.initCACMP.7987
                0x00005bd0       0x14 ./src/LESENSE.o
 .rodata.initChs.8000
                0x00005be4      0x200 ./src/LESENSE.o
 .rodata.initChs.8002
                0x00005de4      0x200 ./src/LESENSE.o
 .rodata.initChs.8006
                0x00005fe4      0x200 ./src/LESENSE.o
 .rodata.initChs.8008
                0x000061e4      0x200 ./src/LESENSE.o
 .rodata.initChs.8010
                0x000063e4      0x200 ./src/LESENSE.o
 .rodata.initChs.8012
                0x000065e4      0x200 ./src/LESENSE.o
 .rodata        0x000067e4       0x10 ./src/MMA8452_i2c.o
 .rodata        0x000067f4        0xc ./src/timer_setup.o
 .rodata.str1.1
                0x00006800        0x2 c:/siliconlabs/simplicitystudio/v4/developer/toolchains/gnu_arm/4.8_2013q4/bin/../lib/gcc/arm-none-eabi/4.8.3/../../../../arm-none-eabi/lib/armv7-m\libc_s.a(lib_a-impure.o)
 *fill*         0x00006802        0x2 
 .rodata._global_impure_ptr
                0x00006804        0x4 c:/siliconlabs/simplicitystudio/v4/developer/toolchains/gnu_arm/4.8_2013q4/bin/../lib/gcc/arm-none-eabi/4.8.3/../../../../arm-none-eabi/lib/armv7-m\libc_s.a(lib_a-impure.o)
                0x00006804                _global_impure_ptr
 *(.eh_frame*)
 .eh_frame      0x00006808        0x0 c:/siliconlabs/simplicitystudio/v4/developer/toolchains/gnu_arm/4.8_2013q4/bin/../lib/gcc/arm-none-eabi/4.8.3/armv7-m/crtbegin.o
 .eh_frame      0x00006808        0x4 c:/siliconlabs/simplicitystudio/v4/developer/toolchains/gnu_arm/4.8_2013q4/bin/../lib/gcc/arm-none-eabi/4.8.3/armv7-m/crtend.o

.glue_7         0x0000680c        0x0
 .glue_7        0x00000000        0x0 linker stubs

.glue_7t        0x0000680c        0x0
 .glue_7t       0x00000000        0x0 linker stubs

.vfp11_veneer   0x0000680c        0x0
 .vfp11_veneer  0x00000000        0x0 linker stubs

.v4_bx          0x0000680c        0x0
 .v4_bx         0x00000000        0x0 linker stubs

.iplt           0x0000680c        0x0
 .iplt          0x00000000        0x0 c:/siliconlabs/simplicitystudio/v4/developer/toolchains/gnu_arm/4.8_2013q4/bin/../lib/gcc/arm-none-eabi/4.8.3/armv7-m/crtbegin.o

.ARM.extab
 *(.ARM.extab* .gnu.linkonce.armextab.*)
                0x0000680c                __exidx_start = .

.ARM.exidx      0x0000680c        0x8
 *(.ARM.exidx* .gnu.linkonce.armexidx.*)
 .ARM.exidx     0x0000680c        0x8 c:/siliconlabs/simplicitystudio/v4/developer/toolchains/gnu_arm/4.8_2013q4/bin/../lib/gcc/arm-none-eabi/4.8.3/../../../../arm-none-eabi/lib/armv7-m/crt0.o
                0x00006814                __exidx_end = .
                0x00006814                __etext = .

.rel.dyn        0x00006814        0x0
 .rel.iplt      0x00000000        0x0 c:/siliconlabs/simplicitystudio/v4/developer/toolchains/gnu_arm/4.8_2013q4/bin/../lib/gcc/arm-none-eabi/4.8.3/armv7-m/crtbegin.o

.data           0x20000000       0xbc load address 0x00006814
                0x20000000                __data_start__ = .
 *(vtable)
 *(.data*)
 .data.SystemHFXOClock
                0x20000000        0x4 ./CMSIS/efm32lg/system_efm32lg.o
 .data.SystemLFXOClock
                0x20000004        0x4 ./CMSIS/efm32lg/system_efm32lg.o
 .data.system_on
                0x20000008        0x4 ./src/LESENSE.o
                0x20000008                system_on
 .data.channelMaxValues
                0x2000000c       0x40 ./src/LESENSE.o
 .data.init.7832
                0x2000004c        0x1 ./src/LESENSE.o
 *fill*         0x2000004d        0x3 
 .data.impure_data
                0x20000050       0x60 c:/siliconlabs/simplicitystudio/v4/developer/toolchains/gnu_arm/4.8_2013q4/bin/../lib/gcc/arm-none-eabi/4.8.3/../../../../arm-none-eabi/lib/armv7-m\libc_s.a(lib_a-impure.o)
                0x200000b0                . = ALIGN (0x4)
 *(.ram)
                0x200000b0                . = ALIGN (0x4)
                0x200000b0                PROVIDE (__preinit_array_start, .)
 *(.preinit_array)
                0x200000b0                PROVIDE (__preinit_array_end, .)
                0x200000b0                . = ALIGN (0x4)
                0x200000b0                PROVIDE (__init_array_start, .)
 *(SORT(.init_array.*))
 *(.init_array)
 .init_array    0x200000b0        0x4 c:/siliconlabs/simplicitystudio/v4/developer/toolchains/gnu_arm/4.8_2013q4/bin/../lib/gcc/arm-none-eabi/4.8.3/armv7-m/crtbegin.o
                0x200000b4                PROVIDE (__init_array_end, .)
                0x200000b4                . = ALIGN (0x4)
                0x200000b4                PROVIDE (__fini_array_start, .)
 *(SORT(.fini_array.*))
 *(.fini_array)
 .fini_array    0x200000b4        0x4 c:/siliconlabs/simplicitystudio/v4/developer/toolchains/gnu_arm/4.8_2013q4/bin/../lib/gcc/arm-none-eabi/4.8.3/armv7-m/crtbegin.o
                0x200000b8                PROVIDE (__fini_array_end, .)
 *(.jcr*)
 .jcr           0x200000b8        0x0 c:/siliconlabs/simplicitystudio/v4/developer/toolchains/gnu_arm/4.8_2013q4/bin/../lib/gcc/arm-none-eabi/4.8.3/armv7-m/crtbegin.o
 .jcr           0x200000b8        0x4 c:/siliconlabs/simplicitystudio/v4/developer/toolchains/gnu_arm/4.8_2013q4/bin/../lib/gcc/arm-none-eabi/4.8.3/armv7-m/crtend.o
                0x200000bc                . = ALIGN (0x4)
                0x200000bc                __data_end__ = .

.igot.plt       0x200000bc        0x0 load address 0x000068d0
 .igot.plt      0x00000000        0x0 c:/siliconlabs/simplicitystudio/v4/developer/toolchains/gnu_arm/4.8_2013q4/bin/../lib/gcc/arm-none-eabi/4.8.3/armv7-m/crtbegin.o

.bss            0x200000bc      0x194 load address 0x000068d0
                0x200000bc                . = ALIGN (0x4)
                0x200000bc                __bss_start__ = .
 *(.bss*)
 .bss           0x200000bc       0x1c c:/siliconlabs/simplicitystudio/v4/developer/toolchains/gnu_arm/4.8_2013q4/bin/../lib/gcc/arm-none-eabi/4.8.3/armv7-m/crtbegin.o
 .bss.cmuStatus
                0x200000d8        0x4 ./emlib/em_emu.o
 .bss.INT_LockCnt
                0x200000dc        0x4 ./emlib/em_int.o
                0x200000dc                INT_LockCnt
 .bss.lesenseScanCb
                0x200000e0        0x4 ./src/LESENSE.o
 .bss.appModeGlobal
                0x200000e4        0x1 ./src/LESENSE.o
 .bss.appStateGlobal
                0x200000e5        0x1 ./src/LESENSE.o
 .bss.secTimerFired
                0x200000e6        0x1 ./src/LESENSE.o
 .bss.eventCounterlight
                0x200000e7        0x1 ./src/LESENSE.o
 .bss.currentChannel
                0x200000e8        0x1 ./src/LESENSE.o
 *fill*         0x200000e9        0x3 
 .bss.channelValues
                0x200000ec       0x40 ./src/LESENSE.o
 .bss.capsenseCalibrateVals.7833
                0x2000012c        0x8 ./src/LESENSE.o
 *(COMMON)
 COMMON         0x20000134        0x4 ./CMSIS/efm32lg/system_efm32lg.o
                0x20000134                SystemCoreClock
 COMMON         0x20000138       0xa8 ./src/ADCSetup.o
                0x20000138                slider
                0x2000013c                glbl
                0x20000140                fsr_flag2
                0x20000144                read_pntr
                0x20000148                fsr_flag1
                0x2000014c                adc_complete
                0x20000150                dirn
                0x20000154                temp
                0x20000158                i
                0x2000015c                ultrasonic_count
                0x20000160                adc_array
                0x20000164                glbl_write
                0x20000168                circular_buffer
                0x200001cc                write_pntr
                0x200001d0                templ
                0x200001d4                temph
                0x200001d8                duty_cycle
                0x200001dc                tempr
 COMMON         0x200001e0       0x60 ./src/MMA8452_i2c.o
                0x200001e0                dataz_mg
                0x200001e4                datay_mg
                0x200001e8                look_for_0
                0x200001ec                look_for_n15
                0x200001f0                data1
                0x200001f4                data2
                0x200001f8                datax_mg
                0x200001fc                new_data
                0x20000200                look_for_30
                0x20000204                look_for_45
                0x20000208                datay_xl
                0x2000020c                dataz
                0x20000210                datax
                0x20000214                datax_xl
                0x20000218                look_for_15
                0x2000021c                datay
                0x20000220                val2
                0x20000224                data
                0x20000228                dataz_xl
                0x2000022c                val_0
                0x20000230                val1
                0x20000234                look_for_n30
                0x20000238                look_for_n45
                0x2000023c                i2c_int_flag
 COMMON         0x20000240       0x10 ./src/sleep.o
                0x20000240                EnergyMode
                0x20000250                . = ALIGN (0x4)
                0x20000250                __bss_end__ = .

.heap           0x20000250      0xc00
                0x20000250                __HeapBase = .
                0x20000250                __end__ = .
                0x20000250                end = __end__
                0x20000250                _end = __end__
 *(.heap*)
 .heap          0x20000250      0xc00 ./CMSIS/efm32lg/startup_gcc_efm32lg.o
                0x20000e50                __HeapLimit = .

.stack_dummy    0x20000250      0x400
 *(.stack*)
 .stack         0x20000250      0x400 ./CMSIS/efm32lg/startup_gcc_efm32lg.o
                0x20008000                __StackTop = (ORIGIN (RAM) + 0x8000)
                0x20007c00                __StackLimit = (__StackTop - SIZEOF (.stack_dummy))
                0x20008000                PROVIDE (__stack, __StackTop)
                0x00000001                ASSERT ((__StackLimit >= __HeapLimit), region RAM overflowed with stack)
                0x00000001                ASSERT ((0x40000 >= (__etext + SIZEOF (.data))), FLASH memory overflowed !)
OUTPUT(HOVERBOARD.axf elf32-littlearm)

.ARM.attributes
                0x00000000       0x29
 .ARM.attributes
                0x00000000       0x1d c:/siliconlabs/simplicitystudio/v4/developer/toolchains/gnu_arm/4.8_2013q4/bin/../lib/gcc/arm-none-eabi/4.8.3/armv7-m/crti.o
 .ARM.attributes
                0x0000001d       0x2d c:/siliconlabs/simplicitystudio/v4/developer/toolchains/gnu_arm/4.8_2013q4/bin/../lib/gcc/arm-none-eabi/4.8.3/armv7-m/crtbegin.o
 .ARM.attributes
                0x0000004a       0x1b c:/siliconlabs/simplicitystudio/v4/developer/toolchains/gnu_arm/4.8_2013q4/bin/../lib/gcc/arm-none-eabi/4.8.3/../../../../arm-none-eabi/lib/armv7-m/crt0.o
 .ARM.attributes
                0x00000065       0x1b ./CMSIS/efm32lg/startup_gcc_efm32lg.o
 .ARM.attributes
                0x00000080       0x33 ./CMSIS/efm32lg/system_efm32lg.o
 .ARM.attributes
                0x000000b3       0x33 ./emlib/em_acmp.o
 .ARM.attributes
                0x000000e6       0x33 ./emlib/em_cmu.o
 .ARM.attributes
                0x00000119       0x33 ./emlib/em_dma.o
 .ARM.attributes
                0x0000014c       0x33 ./emlib/em_emu.o
 .ARM.attributes
                0x0000017f       0x33 ./emlib/em_gpio.o
 .ARM.attributes
                0x000001b2       0x33 ./emlib/em_i2c.o
 .ARM.attributes
                0x000001e5       0x33 ./emlib/em_int.o
 .ARM.attributes
                0x00000218       0x33 ./emlib/em_lesense.o
 .ARM.attributes
                0x0000024b       0x33 ./emlib/em_letimer.o
 .ARM.attributes
                0x0000027e       0x33 ./emlib/em_leuart.o
 .ARM.attributes
                0x000002b1       0x33 ./emlib/em_rtc.o
 .ARM.attributes
                0x000002e4       0x33 ./emlib/em_system.o
 .ARM.attributes
                0x00000317       0x33 ./src/ADCSetup.o
 .ARM.attributes
                0x0000034a       0x33 ./src/CMU.o
 .ARM.attributes
                0x0000037d       0x33 ./src/DMASetup.o
 .ARM.attributes
                0x000003b0       0x33 ./src/LESENSE.o
 .ARM.attributes
                0x000003e3       0x33 ./src/MMA8452_i2c.o
 .ARM.attributes
                0x00000416       0x33 ./src/gpio_setup.o
 .ARM.attributes
                0x00000449       0x33 ./src/main.o
 .ARM.attributes
                0x0000047c       0x33 ./src/sleep.o
 .ARM.attributes
                0x000004af       0x33 ./src/timer_setup.o
 .ARM.attributes
                0x000004e2       0x33 ./src/uart.o
 .ARM.attributes
                0x00000515       0x1d c:/siliconlabs/simplicitystudio/v4/developer/toolchains/gnu_arm/4.8_2013q4/bin/../lib/gcc/arm-none-eabi/4.8.3/armv7-m\libgcc.a(_arm_addsubsf3.o)
 .ARM.attributes
                0x00000532       0x1d c:/siliconlabs/simplicitystudio/v4/developer/toolchains/gnu_arm/4.8_2013q4/bin/../lib/gcc/arm-none-eabi/4.8.3/armv7-m\libgcc.a(_arm_muldivsf3.o)
 .ARM.attributes
                0x0000054f       0x1d c:/siliconlabs/simplicitystudio/v4/developer/toolchains/gnu_arm/4.8_2013q4/bin/../lib/gcc/arm-none-eabi/4.8.3/armv7-m\libgcc.a(_arm_cmpsf2.o)
 .ARM.attributes
                0x0000056c       0x1d c:/siliconlabs/simplicitystudio/v4/developer/toolchains/gnu_arm/4.8_2013q4/bin/../lib/gcc/arm-none-eabi/4.8.3/armv7-m\libgcc.a(_arm_fixsfsi.o)
 .ARM.attributes
                0x00000589       0x1d c:/siliconlabs/simplicitystudio/v4/developer/toolchains/gnu_arm/4.8_2013q4/bin/../lib/gcc/arm-none-eabi/4.8.3/armv7-m\libgcc.a(_arm_fixunssfsi.o)
 .ARM.attributes
                0x000005a6       0x2d c:/siliconlabs/simplicitystudio/v4/developer/toolchains/gnu_arm/4.8_2013q4/bin/../lib/gcc/arm-none-eabi/4.8.3/../../../../arm-none-eabi/lib/armv7-m\libc_s.a(lib_a-exit.o)
 .ARM.attributes
                0x000005d3       0x2d c:/siliconlabs/simplicitystudio/v4/developer/toolchains/gnu_arm/4.8_2013q4/bin/../lib/gcc/arm-none-eabi/4.8.3/../../../../arm-none-eabi/lib/armv7-m\libc_s.a(lib_a-impure.o)
 .ARM.attributes
                0x00000600       0x2d c:/siliconlabs/simplicitystudio/v4/developer/toolchains/gnu_arm/4.8_2013q4/bin/../lib/gcc/arm-none-eabi/4.8.3/../../../../arm-none-eabi/lib/armv7-m\libc_s.a(lib_a-init.o)
 .ARM.attributes
                0x0000062d       0x2d c:/siliconlabs/simplicitystudio/v4/developer/toolchains/gnu_arm/4.8_2013q4/bin/../lib/gcc/arm-none-eabi/4.8.3/../../../../arm-none-eabi/lib/armv7-m\libc_s.a(lib_a-memset.o)
 .ARM.attributes
                0x0000065a       0x2d c:/siliconlabs/simplicitystudio/v4/developer/toolchains/gnu_arm/4.8_2013q4/bin/../lib/gcc/arm-none-eabi/4.8.3/../../../../arm-none-eabi/lib/armv7-m\libnosys.a(_exit.o)
 .ARM.attributes
                0x00000687       0x2d c:/siliconlabs/simplicitystudio/v4/developer/toolchains/gnu_arm/4.8_2013q4/bin/../lib/gcc/arm-none-eabi/4.8.3/armv7-m/crtend.o
 .ARM.attributes
                0x000006b4       0x1d c:/siliconlabs/simplicitystudio/v4/developer/toolchains/gnu_arm/4.8_2013q4/bin/../lib/gcc/arm-none-eabi/4.8.3/armv7-m/crtn.o

.comment        0x00000000       0x70
 .comment       0x00000000       0x70 ./CMSIS/efm32lg/system_efm32lg.o
                                 0x71 (size before relaxing)
 .comment       0x00000000       0x71 ./emlib/em_acmp.o
 .comment       0x00000000       0x71 ./emlib/em_cmu.o
 .comment       0x00000000       0x71 ./emlib/em_dma.o
 .comment       0x00000000       0x71 ./emlib/em_emu.o
 .comment       0x00000000       0x71 ./emlib/em_gpio.o
 .comment       0x00000000       0x71 ./emlib/em_i2c.o
 .comment       0x00000000       0x71 ./emlib/em_int.o
 .comment       0x00000000       0x71 ./emlib/em_lesense.o
 .comment       0x00000000       0x71 ./emlib/em_letimer.o
 .comment       0x00000000       0x71 ./emlib/em_leuart.o
 .comment       0x00000000       0x71 ./emlib/em_rtc.o
 .comment       0x00000000       0x71 ./emlib/em_system.o
 .comment       0x00000000       0x71 ./src/ADCSetup.o
 .comment       0x00000000       0x71 ./src/CMU.o
 .comment       0x00000000       0x71 ./src/DMASetup.o
 .comment       0x00000000       0x71 ./src/LESENSE.o
 .comment       0x00000000       0x71 ./src/MMA8452_i2c.o
 .comment       0x00000000       0x71 ./src/gpio_setup.o
 .comment       0x00000000       0x71 ./src/main.o
 .comment       0x00000000       0x71 ./src/sleep.o
 .comment       0x00000000       0x71 ./src/timer_setup.o
 .comment       0x00000000       0x71 ./src/uart.o

.debug_line     0x00000000     0x5572
 .debug_line    0x00000000       0x72 ./CMSIS/efm32lg/startup_gcc_efm32lg.o
 .debug_line    0x00000072      0x27e ./CMSIS/efm32lg/system_efm32lg.o
 .debug_line    0x000002f0      0x336 ./emlib/em_acmp.o
 .debug_line    0x00000626      0x97f ./emlib/em_cmu.o
 .debug_line    0x00000fa5      0x4c4 ./emlib/em_dma.o
 .debug_line    0x00001469      0x4cc ./emlib/em_emu.o
 .debug_line    0x00001935      0x397 ./emlib/em_gpio.o
 .debug_line    0x00001ccc      0x3bb ./emlib/em_i2c.o
 .debug_line    0x00002087      0x13b ./emlib/em_int.o
 .debug_line    0x000021c2      0x61a ./emlib/em_lesense.o
 .debug_line    0x000027dc      0x2df ./emlib/em_letimer.o
 .debug_line    0x00002abb      0x368 ./emlib/em_leuart.o
 .debug_line    0x00002e23      0x2de ./emlib/em_rtc.o
 .debug_line    0x00003101      0x262 ./emlib/em_system.o
 .debug_line    0x00003363      0x29f ./src/ADCSetup.o
 .debug_line    0x00003602      0x228 ./src/CMU.o
 .debug_line    0x0000382a      0x3c1 ./src/DMASetup.o
 .debug_line    0x00003beb      0x80e ./src/LESENSE.o
 .debug_line    0x000043f9      0x5c2 ./src/MMA8452_i2c.o
 .debug_line    0x000049bb      0x22b ./src/gpio_setup.o
 .debug_line    0x00004be6      0x26d ./src/main.o
 .debug_line    0x00004e53      0x22c ./src/sleep.o
 .debug_line    0x0000507f      0x234 ./src/timer_setup.o
 .debug_line    0x000052b3      0x2bf ./src/uart.o

.debug_info     0x00000000     0xe5f9
 .debug_info    0x00000000       0xa1 ./CMSIS/efm32lg/startup_gcc_efm32lg.o
 .debug_info    0x000000a1      0x561 ./CMSIS/efm32lg/system_efm32lg.o
 .debug_info    0x00000602      0x62a ./emlib/em_acmp.o
 .debug_info    0x00000c2c     0x138c ./emlib/em_cmu.o
 .debug_info    0x00001fb8     0x12bd ./emlib/em_dma.o
 .debug_info    0x00003275      0xd7c ./emlib/em_emu.o
 .debug_info    0x00003ff1      0x644 ./emlib/em_gpio.o
 .debug_info    0x00004635      0x841 ./emlib/em_i2c.o
 .debug_info    0x00004e76       0xa2 ./emlib/em_int.o
 .debug_info    0x00004f18     0x13fb ./emlib/em_lesense.o
 .debug_info    0x00006313      0x502 ./emlib/em_letimer.o
 .debug_info    0x00006815      0x828 ./emlib/em_leuart.o
 .debug_info    0x0000703d      0x329 ./emlib/em_rtc.o
 .debug_info    0x00007366      0x241 ./emlib/em_system.o
 .debug_info    0x000075a7      0x834 ./src/ADCSetup.o
 .debug_info    0x00007ddb      0x3c8 ./src/CMU.o
 .debug_info    0x000081a3      0xd9d ./src/DMASetup.o
 .debug_info    0x00008f40     0x2716 ./src/LESENSE.o
 .debug_info    0x0000b656      0xf4f ./src/MMA8452_i2c.o
 .debug_info    0x0000c5a5      0x58f ./src/gpio_setup.o
 .debug_info    0x0000cb34      0x4ff ./src/main.o
 .debug_info    0x0000d033      0x4ff ./src/sleep.o
 .debug_info    0x0000d532      0x693 ./src/timer_setup.o
 .debug_info    0x0000dbc5      0xa34 ./src/uart.o

.debug_abbrev   0x00000000     0x2a7c
 .debug_abbrev  0x00000000       0x14 ./CMSIS/efm32lg/startup_gcc_efm32lg.o
 .debug_abbrev  0x00000014      0x16d ./CMSIS/efm32lg/system_efm32lg.o
 .debug_abbrev  0x00000181      0x1bb ./emlib/em_acmp.o
 .debug_abbrev  0x0000033c      0x2f6 ./emlib/em_cmu.o
 .debug_abbrev  0x00000632      0x23b ./emlib/em_dma.o
 .debug_abbrev  0x0000086d      0x252 ./emlib/em_emu.o
 .debug_abbrev  0x00000abf      0x1cd ./emlib/em_gpio.o
 .debug_abbrev  0x00000c8c      0x24c ./emlib/em_i2c.o
 .debug_abbrev  0x00000ed8       0x5a ./emlib/em_int.o
 .debug_abbrev  0x00000f32      0x22e ./emlib/em_lesense.o
 .debug_abbrev  0x00001160      0x1a3 ./emlib/em_letimer.o
 .debug_abbrev  0x00001303      0x1bb ./emlib/em_leuart.o
 .debug_abbrev  0x000014be      0x196 ./emlib/em_rtc.o
 .debug_abbrev  0x00001654       0xed ./emlib/em_system.o
 .debug_abbrev  0x00001741      0x1f9 ./src/ADCSetup.o
 .debug_abbrev  0x0000193a       0xe5 ./src/CMU.o
 .debug_abbrev  0x00001a1f      0x275 ./src/DMASetup.o
 .debug_abbrev  0x00001c94      0x3c5 ./src/LESENSE.o
 .debug_abbrev  0x00002059      0x2b6 ./src/MMA8452_i2c.o
 .debug_abbrev  0x0000230f      0x146 ./src/gpio_setup.o
 .debug_abbrev  0x00002455      0x18d ./src/main.o
 .debug_abbrev  0x000025e2      0x193 ./src/sleep.o
 .debug_abbrev  0x00002775      0x114 ./src/timer_setup.o
 .debug_abbrev  0x00002889      0x1f3 ./src/uart.o

.debug_aranges  0x00000000      0xa70
 .debug_aranges
                0x00000000       0x20 ./CMSIS/efm32lg/startup_gcc_efm32lg.o
 .debug_aranges
                0x00000020       0x70 ./CMSIS/efm32lg/system_efm32lg.o
 .debug_aranges
                0x00000090       0x68 ./emlib/em_acmp.o
 .debug_aranges
                0x000000f8      0x168 ./emlib/em_cmu.o
 .debug_aranges
                0x00000260       0xc0 ./emlib/em_dma.o
 .debug_aranges
                0x00000320       0xa8 ./emlib/em_emu.o
 .debug_aranges
                0x000003c8       0x70 ./emlib/em_gpio.o
 .debug_aranges
                0x00000438       0x60 ./emlib/em_i2c.o
 .debug_aranges
                0x00000498       0x18 ./emlib/em_int.o
 .debug_aranges
                0x000004b0       0xc8 ./emlib/em_lesense.o
 .debug_aranges
                0x00000578       0x58 ./emlib/em_letimer.o
 .debug_aranges
                0x000005d0       0x88 ./emlib/em_leuart.o
 .debug_aranges
                0x00000658       0x58 ./emlib/em_rtc.o
 .debug_aranges
                0x000006b0       0x28 ./emlib/em_system.o
 .debug_aranges
                0x000006d8       0x48 ./src/ADCSetup.o
 .debug_aranges
                0x00000720       0x28 ./src/CMU.o
 .debug_aranges
                0x00000748       0x58 ./src/DMASetup.o
 .debug_aranges
                0x000007a0      0x140 ./src/LESENSE.o
 .debug_aranges
                0x000008e0       0x90 ./src/MMA8452_i2c.o
 .debug_aranges
                0x00000970       0x28 ./src/gpio_setup.o
 .debug_aranges
                0x00000998       0x30 ./src/main.o
 .debug_aranges
                0x000009c8       0x48 ./src/sleep.o
 .debug_aranges
                0x00000a10       0x20 ./src/timer_setup.o
 .debug_aranges
                0x00000a30       0x40 ./src/uart.o

.debug_loc      0x00000000     0x3692
 .debug_loc     0x00000000      0x214 ./CMSIS/efm32lg/system_efm32lg.o
 .debug_loc     0x00000214      0x230 ./emlib/em_acmp.o
 .debug_loc     0x00000444      0x8d0 ./emlib/em_cmu.o
 .debug_loc     0x00000d14      0x498 ./emlib/em_dma.o
 .debug_loc     0x000011ac      0x3b4 ./emlib/em_emu.o
 .debug_loc     0x00001560      0x268 ./emlib/em_gpio.o
 .debug_loc     0x000017c8      0x1f8 ./emlib/em_i2c.o
 .debug_loc     0x000019c0      0x494 ./emlib/em_lesense.o
 .debug_loc     0x00001e54      0x1c0 ./emlib/em_letimer.o
 .debug_loc     0x00002014      0x310 ./emlib/em_leuart.o
 .debug_loc     0x00002324      0x1a8 ./emlib/em_rtc.o
 .debug_loc     0x000024cc       0x70 ./emlib/em_system.o
 .debug_loc     0x0000253c      0x144 ./src/ADCSetup.o
 .debug_loc     0x00002680       0x58 ./src/CMU.o
 .debug_loc     0x000026d8      0x1b4 ./src/DMASetup.o
 .debug_loc     0x0000288c      0x78a ./src/LESENSE.o
 .debug_loc     0x00003016      0x30c ./src/MMA8452_i2c.o
 .debug_loc     0x00003322       0x64 ./src/gpio_setup.o
 .debug_loc     0x00003386       0x9c ./src/main.o
 .debug_loc     0x00003422      0x12c ./src/sleep.o
 .debug_loc     0x0000354e       0x38 ./src/timer_setup.o
 .debug_loc     0x00003586      0x10c ./src/uart.o

.debug_ranges   0x00000000      0x8d8
 .debug_ranges  0x00000000       0x60 ./CMSIS/efm32lg/system_efm32lg.o
 .debug_ranges  0x00000060       0x58 ./emlib/em_acmp.o
 .debug_ranges  0x000000b8      0x158 ./emlib/em_cmu.o
 .debug_ranges  0x00000210       0xb0 ./emlib/em_dma.o
 .debug_ranges  0x000002c0       0x98 ./emlib/em_emu.o
 .debug_ranges  0x00000358       0x60 ./emlib/em_gpio.o
 .debug_ranges  0x000003b8       0x50 ./emlib/em_i2c.o
 .debug_ranges  0x00000408       0xb8 ./emlib/em_lesense.o
 .debug_ranges  0x000004c0       0x48 ./emlib/em_letimer.o
 .debug_ranges  0x00000508       0x78 ./emlib/em_leuart.o
 .debug_ranges  0x00000580       0x48 ./emlib/em_rtc.o
 .debug_ranges  0x000005c8       0x18 ./emlib/em_system.o
 .debug_ranges  0x000005e0       0x38 ./src/ADCSetup.o
 .debug_ranges  0x00000618       0x18 ./src/CMU.o
 .debug_ranges  0x00000630       0x48 ./src/DMASetup.o
 .debug_ranges  0x00000678      0x130 ./src/LESENSE.o
 .debug_ranges  0x000007a8       0x80 ./src/MMA8452_i2c.o
 .debug_ranges  0x00000828       0x18 ./src/gpio_setup.o
 .debug_ranges  0x00000840       0x20 ./src/main.o
 .debug_ranges  0x00000860       0x38 ./src/sleep.o
 .debug_ranges  0x00000898       0x10 ./src/timer_setup.o
 .debug_ranges  0x000008a8       0x30 ./src/uart.o

.debug_str      0x00000000     0x5270
 .debug_str     0x00000000      0x425 ./CMSIS/efm32lg/system_efm32lg.o
                                0x49b (size before relaxing)
 .debug_str     0x00000425      0x452 ./emlib/em_acmp.o
                                0x649 (size before relaxing)
 .debug_str     0x00000877      0xc11 ./emlib/em_cmu.o
                                0xf92 (size before relaxing)
 .debug_str     0x00001488      0x87f ./emlib/em_dma.o
                                0xd60 (size before relaxing)
 .debug_str     0x00001d07      0x4b6 ./emlib/em_emu.o
                                0x822 (size before relaxing)
 .debug_str     0x000021bd      0x3f2 ./emlib/em_gpio.o
                                0x5da (size before relaxing)
 .debug_str     0x000025af      0x334 ./emlib/em_i2c.o
                                0x7e3 (size before relaxing)
 .debug_str     0x000028e3       0x5e ./emlib/em_int.o
                                0x1da (size before relaxing)
 .debug_str     0x00002941     0x1137 ./emlib/em_lesense.o
                               0x157c (size before relaxing)
 .debug_str     0x00003a78      0x20b ./emlib/em_letimer.o
                                0x42e (size before relaxing)
 .debug_str     0x00003c83      0x2a4 ./emlib/em_leuart.o
                                0x765 (size before relaxing)
 .debug_str     0x00003f27       0xcd ./emlib/em_rtc.o
                                0x2c0 (size before relaxing)
 .debug_str     0x00003ff4       0xea ./emlib/em_system.o
                                0x2ac (size before relaxing)
 .debug_str     0x000040de      0x797 ./src/ADCSetup.o
                                0x963 (size before relaxing)
 .debug_str     0x00004875       0x17 ./src/CMU.o
                                0x5a9 (size before relaxing)
 .debug_str     0x0000488c      0x119 ./src/DMASetup.o
                                0xa98 (size before relaxing)
 .debug_str     0x000049a5      0x5f6 ./src/LESENSE.o
                               0x2196 (size before relaxing)
 .debug_str     0x00004f9b      0x1e1 ./src/MMA8452_i2c.o
                                0xbe5 (size before relaxing)
 .debug_str     0x0000517c       0x1f ./src/gpio_setup.o
                                0x770 (size before relaxing)
 .debug_str     0x0000519b       0x4f ./src/main.o
                                0x3df (size before relaxing)
 .debug_str     0x000051ea       0x32 ./src/sleep.o
                                0x374 (size before relaxing)
 .debug_str     0x0000521c       0x27 ./src/timer_setup.o
                                0x8e3 (size before relaxing)
 .debug_str     0x00005243       0x2d ./src/uart.o
                                0xc49 (size before relaxing)

.debug_frame    0x00000000     0x1f70
 .debug_frame   0x00000000      0x138 ./CMSIS/efm32lg/system_efm32lg.o
 .debug_frame   0x00000138      0x138 ./emlib/em_acmp.o
 .debug_frame   0x00000270      0x4dc ./emlib/em_cmu.o
 .debug_frame   0x0000074c      0x27c ./emlib/em_dma.o
 .debug_frame   0x000009c8      0x210 ./emlib/em_emu.o
 .debug_frame   0x00000bd8      0x154 ./emlib/em_gpio.o
 .debug_frame   0x00000d2c      0x120 ./emlib/em_i2c.o
 .debug_frame   0x00000e4c      0x284 ./emlib/em_lesense.o
 .debug_frame   0x000010d0       0xf4 ./emlib/em_letimer.o
 .debug_frame   0x000011c4      0x1bc ./emlib/em_leuart.o
 .debug_frame   0x00001380       0xf0 ./emlib/em_rtc.o
 .debug_frame   0x00001470       0x48 ./emlib/em_system.o
 .debug_frame   0x000014b8       0xbc ./src/ADCSetup.o
 .debug_frame   0x00001574       0x48 ./src/CMU.o
 .debug_frame   0x000015bc       0xfc ./src/DMASetup.o
 .debug_frame   0x000016b8      0x424 ./src/LESENSE.o
 .debug_frame   0x00001adc      0x1c8 ./src/MMA8452_i2c.o
 .debug_frame   0x00001ca4       0x48 ./src/gpio_setup.o
 .debug_frame   0x00001cec       0x68 ./src/main.o
 .debug_frame   0x00001d54       0xb8 ./src/sleep.o
 .debug_frame   0x00001e0c       0x30 ./src/timer_setup.o
 .debug_frame   0x00001e3c       0xa0 ./src/uart.o
 .debug_frame   0x00001edc       0x28 c:/siliconlabs/simplicitystudio/v4/developer/toolchains/gnu_arm/4.8_2013q4/bin/../lib/gcc/arm-none-eabi/4.8.3/../../../../arm-none-eabi/lib/armv7-m\libc_s.a(lib_a-exit.o)
 .debug_frame   0x00001f04       0x2c c:/siliconlabs/simplicitystudio/v4/developer/toolchains/gnu_arm/4.8_2013q4/bin/../lib/gcc/arm-none-eabi/4.8.3/../../../../arm-none-eabi/lib/armv7-m\libc_s.a(lib_a-init.o)
 .debug_frame   0x00001f30       0x20 c:/siliconlabs/simplicitystudio/v4/developer/toolchains/gnu_arm/4.8_2013q4/bin/../lib/gcc/arm-none-eabi/4.8.3/../../../../arm-none-eabi/lib/armv7-m\libc_s.a(lib_a-memset.o)
 .debug_frame   0x00001f50       0x20 c:/siliconlabs/simplicitystudio/v4/developer/toolchains/gnu_arm/4.8_2013q4/bin/../lib/gcc/arm-none-eabi/4.8.3/../../../../arm-none-eabi/lib/armv7-m\libnosys.a(_exit.o)
